     1                                  bits 32 ; assembling for the 32 bits architecture
     2                                  
     3                                  ; declare the EntryPoint (a label defining the very first instruction of the program)
     4                                  global start        
     5                                  
     6                                  ; declare external functions needed by our program
     7                                  extern exit               ; tell nasm that exit exists even if we won't be defining it
     8                                  import exit msvcrt.dll    ; exit is a function that ends the calling process. It is defined in msvcrt.dll
     9                                                            ; msvcrt.dll contains exit, printf and all the other important C-runtime specific functions
    10                                  
    11                                  ; our data is declared here (the variables needed by our program)
    12                                  segment data use32 class=data
    13 00000000 C800                        a dw 200
    14 00000002 2C01                        b dw 300
    15 00000004 2800                        c dw 40
    16 00000006 6400                        d dw 100
    17                                      
    18                                  
    19                                  ; our code starts here
    20                                  segment code use32 class=code
    21                                      start:
    22                                          ; (a-c)+(b-d)
    23 00000000 66A1[00000000]                  mov ax, [a]
    24 00000006 662B05[04000000]                sub ax, [c]
    25 0000000D 668B1D[02000000]                mov bx, [b]
    26 00000014 662B1D[06000000]                sub bx, [d]
    27 0000001B 6601D8                          add ax, bx
    28                                          ; exit(0)
    29 0000001E 6A00                            push    dword 0      ; push the parameter for exit onto the stack
    30 00000020 FF15[00000000]                  call    [exit]       ; call exit to terminate the program
